// Jest Snapshot v1, https://goo.gl/fbAQLP

exports[`<ListRepoComponent /> is Show Update Dialog 1`] = `ReactWrapper {}`;
